  Determining projects to restore...
D:\Data\Github\LocalPilot\LocalPilot\LocalPilot.csproj : warning NU1603: LocalPilot depends on Microsoft.VSSDK.BuildTools (>= 17.0.31902.203) but Microsoft.VSSDK.BuildTools 17.0.31902.203 was not found. Microsoft.VSSDK.BuildTools 17.1.4054 was resolved instead.
  Restored D:\Data\Github\LocalPilot\LocalPilot\LocalPilot.csproj (in 975 ms).
C:\Users\user\.nuget\packages\microsoft.vssdk.buildtools\17.1.4054\build\Microsoft.VSSDK.BuildTools.targets(16,5): error MSB4801: The task factory "CodeTaskFactory" is not supported on the .NET Core version of MSBuild. [D:\Data\Github\LocalPilot\LocalPilot\LocalPilot.csproj]
C:\Users\user\.nuget\packages\microsoft.vssdk.buildtools\17.1.4054\build\Microsoft.VSSDK.BuildTools.targets(16,5): error MSB4036: The "SetVsSDKEnvironmentVariables" task was not found. Check the following: 1.) The name of the task in the project file is the same as the name of the task class. 2.) The task class is "public" and implements the Microsoft.Build.Framework.ITask interface. 3.) The task is correctly declared with <UsingTask> in the project file, or in the *.tasks files located in the "C:\Program Files\dotnet\sdk\10.0.201" directory. [D:\Data\Github\LocalPilot\LocalPilot\LocalPilot.csproj]

Build FAILED.

D:\Data\Github\LocalPilot\LocalPilot\LocalPilot.csproj : warning NU1603: LocalPilot depends on Microsoft.VSSDK.BuildTools (>= 17.0.31902.203) but Microsoft.VSSDK.BuildTools 17.0.31902.203 was not found. Microsoft.VSSDK.BuildTools 17.1.4054 was resolved instead.
C:\Users\user\.nuget\packages\microsoft.vssdk.buildtools\17.1.4054\build\Microsoft.VSSDK.BuildTools.targets(16,5): error MSB4801: The task factory "CodeTaskFactory" is not supported on the .NET Core version of MSBuild. [D:\Data\Github\LocalPilot\LocalPilot\LocalPilot.csproj]
C:\Users\user\.nuget\packages\microsoft.vssdk.buildtools\17.1.4054\build\Microsoft.VSSDK.BuildTools.targets(16,5): error MSB4036: The "SetVsSDKEnvironmentVariables" task was not found. Check the following: 1.) The name of the task in the project file is the same as the name of the task class. 2.) The task class is "public" and implements the Microsoft.Build.Framework.ITask interface. 3.) The task is correctly declared with <UsingTask> in the project file, or in the *.tasks files located in the "C:\Program Files\dotnet\sdk\10.0.201" directory. [D:\Data\Github\LocalPilot\LocalPilot\LocalPilot.csproj]
    1 Warning(s)
    2 Error(s)

Time Elapsed 00:00:02.25
